<html>
<body>
<pre>
<h1>µVision Build Log</h1>
<h2>Tool Versions:</h2>
IDE-Version: ¦ÌVision V5.14.0.0
Copyright (C) 2015 ARM Ltd and ARM Germany GmbH. All rights reserved.
License Information: c n, yatong, LIC=EPPAR-KSQMN-TJP6H-WQZ7Q-PJ1C9-5P6GA
 
Tool Versions:
Toolchain:       MDK-ARM Professional  Version: 5.14.0.0
Toolchain Path:  D:\Keil_v5\ARM\ARMCC\Bin
C Compiler:      Armcc.exe V5.05 update 1 (build 106)
Assembler:       Armasm.exe V5.05 update 1 (build 106)
Linker/Locator:  ArmLink.exe V5.05 update 1 (build 106)
Library Manager: ArmAr.exe V5.05 update 1 (build 106)
Hex Converter:   FromElf.exe V5.05 update 1 (build 106)
CPU DLL:         SARMCM3.DLL V5.14.0.0
Dialog DLL:      DCM.DLL V1.13.1.0
Target DLL:      UL2CM3.DLL V1.155.0.0
Dialog DLL:      TCM.DLL V1.14.4.0
 
<h2>Project:</h2>
E:\github\test2\Project\Pro.uvprojx
Project File Date:  10/21/2018

<h2>Output:</h2>
Rebuild target 'Target 1'
compiling app_data.c...
compiling exti.c...
compiling led.c...
compiling scan.c...
compiling timer.c...
compiling delay.c...
compiling sys.c...
compiling usart.c...
compiling main.c...
compiling stm32f10x_it.c...
compiling misc.c...
compiling stm32f10x_adc.c...
compiling stm32f10x_bkp.c...
compiling stm32f10x_can.c...
compiling stm32f10x_cec.c...
compiling stm32f10x_crc.c...
compiling stm32f10x_dac.c...
compiling stm32f10x_dbgmcu.c...
compiling stm32f10x_dma.c...
compiling stm32f10x_exti.c...
compiling stm32f10x_flash.c...
compiling stm32f10x_fsmc.c...
compiling stm32f10x_gpio.c...
compiling stm32f10x_i2c.c...
compiling stm32f10x_iwdg.c...
compiling stm32f10x_pwr.c...
compiling stm32f10x_rcc.c...
compiling stm32f10x_rtc.c...
compiling stm32f10x_sdio.c...
compiling stm32f10x_spi.c...
compiling stm32f10x_tim.c...
compiling stm32f10x_usart.c...
compiling stm32f10x_wwdg.c...
compiling core_cm3.c...
compiling system_stm32f10x.c...
assembling startup_stm32f10x_md.s...
linking...
Program Size: Code=14404 RO-data=820 RW-data=120 ZI-data=2584  
".\Pro.axf" - 0 Error(s), 0 Warning(s).

<h2>Collection of Component include folders:</h2>
  E:\github\test2\Project\RTE
  D:\Keil_v5\ARM\PACK\Keil\STM32F1xx_DFP\2.1.0

<h2>Collection of Component Files used:</h2>
</pre>
</body>
</html>
