<html>
<body>
<pre>
<h1>礦ision Build Log</h1>
<h2>Tool Versions:</h2>
IDE-Version: μVision V5.14.0.0
Copyright (C) 2015 ARM Ltd and ARM Germany GmbH. All rights reserved.
License Information: c n, yatong, LIC=EPPAR-KSQMN-TJP6H-WQZ7Q-PJ1C9-5P6GA
 
Tool Versions:
Toolchain:       MDK-ARM Professional  Version: 5.14.0.0
Toolchain Path:  D:\Keil_v5\ARM\ARMCC\Bin
C Compiler:      Armcc.exe V5.05 update 1 (build 106)
Assembler:       Armasm.exe V5.05 update 1 (build 106)
Linker/Locator:  ArmLink.exe V5.05 update 1 (build 106)
Library Manager: ArmAr.exe V5.05 update 1 (build 106)
Hex Converter:   FromElf.exe V5.05 update 1 (build 106)
CPU DLL:         SARMCM3.DLL V5.14.0.0
Dialog DLL:      DCM.DLL V1.13.1.0
Target DLL:      Segger\JL2CM3.dll V2.99.13.0
Dialog DLL:      TCM.DLL V1.14.4.0
 
<h2>Project:</h2>
E:\iTOP-441网盘资料\光电测量板v0.11\USER\Template.uvprojx
Project File Date:  10/09/2018

<h2>Output:</h2>
Build target 'Template'
compiling main.c...
compiling stm32f10x_it.c...
compiling system_stm32f10x.c...
compiling delay.c...
compiling sys.c...
compiling usart.c...
..\SYSTEM\usart\usart.c(238): warning:  #223-D: function "AppDataDeal" declared implicitly
                AppDataDeal(USART_RX_BUF,USART_RX_STA&0X3FFF);//数据处理函数
..\SYSTEM\usart\usart.c: 1 warning, 0 errors
compiling core_cm3.c...
assembling startup_stm32f10x_md.s...
compiling misc.c...
compiling stm32f10x_adc.c...
compiling stm32f10x_bkp.c...
compiling stm32f10x_can.c...
compiling stm32f10x_cec.c...
compiling stm32f10x_crc.c...
compiling stm32f10x_dac.c...
compiling stm32f10x_dbgmcu.c...
compiling stm32f10x_dma.c...
compiling stm32f10x_exti.c...
compiling stm32f10x_flash.c...
compiling stm32f10x_fsmc.c...
compiling stm32f10x_gpio.c...
compiling stm32f10x_i2c.c...
compiling stm32f10x_iwdg.c...
compiling stm32f10x_pwr.c...
compiling stm32f10x_rcc.c...
compiling stm32f10x_rtc.c...
compiling stm32f10x_sdio.c...
compiling stm32f10x_spi.c...
compiling stm32f10x_tim.c...
compiling stm32f10x_usart.c...
compiling stm32f10x_wwdg.c...
compiling exti.c...
compiling led.c...
compiling scan.c...
compiling app_data.c...
..\HARDWARE\app_data\app_data.h(48): warning:  #1-D: last line of file ends without a newline
  #endif
..\HARDWARE\app_data\app_data.c(3): warning:  #177-D: variable "SedFrame" was declared but never referenced
  static sFrame RecFrame,SedFrame;
..\HARDWARE\app_data\app_data.c(127): warning:  #177-D: function "FrameStructure" was declared but never referenced
  static void FrameStructure(u8* indata, u16 inlen,u8* outdata, u8* outlen)
..\HARDWARE\app_data\app_data.c(140): warning:  #177-D: function "JudgementFixationFrame" was declared but never referenced
  static u8 JudgementFixationFrame(u8* indata,u16 inlen)
..\HARDWARE\app_data\app_data.c: 4 warnings, 0 errors
compiling timer.c...
linking...
Program Size: Code=13676 RO-data=740 RW-data=116 ZI-data=2588  
FromELF: creating hex file...
"..\OBJ\Template.axf" - 0 Error(s), 5 Warning(s).

<h2>Collection of Component include folders:</h2>
  E:\iTOP-441网盘资料\光电测量板v0.11\USER\RTE
  D:\Keil_v5\ARM\PACK\Keil\STM32F1xx_DFP\2.1.0

<h2>Collection of Component Files used:</h2>
</pre>
</body>
</html>
